$ cd /workspace
$ find . -name "*.ts" -o -name "*.tsx" | grep -E "(fuzzy|field|mapping|upload)" | head -20

./shadcn-ui/node_modules/.pnpm/@jridgewell+trace-mapping@0.3.31/node_modules/@jridgewell/trace-mapping/src/binary-search.ts
./shadcn-ui/node_modules/.pnpm/@jridgewell+trace-mapping@0.3.31/node_modules/@jridgewell/trace-mapping/src/by-source.ts
./shadcn-ui/node_modules/.pnpm/@jridgewell+trace-mapping@0.3.31/node_modules/@jridgewell/trace-mapping/src/flatten-map.ts
./shadcn-ui/node_modules/.pnpm/@jridgewell+trace-mapping@0.3.31/node_modules/@jridgewell/trace-mapping/src/resolve.ts
./shadcn-ui/node_modules/.pnpm/@jridgewell+trace-mapping@0.3.31/node_modules/@jridgewell/trace-mapping/src/sort.ts
./shadcn-ui/node_modules/.pnpm/@jridgewell+trace-mapping@0.3.31/node_modules/@jridgewell/trace-mapping/src/sourcemap-segment.ts
./shadcn-ui/node_modules/.pnpm/@jridgewell+trace-mapping@0.3.31/node_modules/@jridgewell/trace-mapping/src/strip-filename.ts
./shadcn-ui/node_modules/.pnpm/@jridgewell+trace-mapping@0.3.31/node_modules/@jridgewell/trace-mapping/src/trace-mapping.ts
./shadcn-ui/node_modules/.pnpm/@jridgewell+trace-mapping@0.3.31/node_modules/@jridgewell/trace-mapping/src/types.ts
./shadcn-ui/node_modules/.pnpm/baseline-browser-mapping@2.8.9/node_modules/baseline-browser-mapping/dist/index.d.ts
./shadcn-ui/node_modules/.pnpm/@jridgewell+gen-mapping@0.3.13/node_modules/@jridgewell/gen-mapping/src/gen-mapping.ts
./shadcn-ui/node_modules/.pnpm/@jridgewell+gen-mapping@0.3.13/node_modules/@jridgewell/gen-mapping/src/set-array.ts
./shadcn-ui/node_modules/.pnpm/@jridgewell+gen-mapping@0.3.13/node_modules/@jridgewell/gen-mapping/src/sourcemap-segment.ts
./shadcn-ui/node_modules/.pnpm/@jridgewell+gen-mapping@0.3.13/node_modules/@jridgewell/gen-mapping/src/types.ts
./shadcn-ui/node_modules/.pnpm/@jridgewell+gen-mapping@0.3.13/node_modules/@jridgewell/gen-mapping/dist/types/gen-mapping.d.ts
./shadcn-ui/node_modules/.pnpm/@jridgewell+gen-mapping@0.3.13/node_modules/@jridgewell/gen-mapping/dist/types/set-array.d.ts
./shadcn-ui/node_modules/.pnpm/@jridgewell+gen-mapping@0.3.13/node_modules/@jridgewell/gen-mapping/dist/types/sourcemap-segment.d.ts
./shadcn-ui/node_modules/.pnpm/@jridgewell+gen-mapping@0.3.13/node_modules/@jridgewell/gen-mapping/dist/types/types.d.ts
./shadcn-ui/node_modules/.pnpm/react-hook-form@7.63.0_react@19.1.1/node_modules/react-hook-form/dist/types/fieldArray.d.ts
./shadcn-ui/node_modules/.pnpm/react-hook-form@7.63.0_react@19.1.1/node_modules/react-hook-form/dist/types/fields.d.ts
$ find . -name "*.ts" -o -name "*.tsx" | grep -E "(BulkUpload|FuzzyField|FieldMapping)" | head -10

./shadcn-ui/src/components/BulkUpload.tsx
./shadcn-ui/src/components/FieldMappingDebug.tsx
./shadcn-ui/src/components/upload/FuzzyFieldMapper.tsx
./shadcn-ui/src/pages/FieldMappingTest.tsx
$ find ./shadcn-ui -name "fuzzyFieldMatcher.ts" -o -name "*fuzzy*" | head -10

./shadcn-ui/src/utils/fuzzyFieldMatcher.ts
$ cd shadcn-ui && pnpm run lint


> shadcnui@ lint /workspace/shadcn-ui
> eslint --quiet ./src


/workspace/shadcn-ui/src/components/Calendar.tsx
  223:56  error  Unexpected any. Specify a different type  @typescript-eslint/no-explicit-any

/workspace/shadcn-ui/src/components/DraftListings.tsx
  36:32  error  Unexpected any. Specify a different type  @typescript-eslint/no-explicit-any
  37:30  error  Unexpected any. Specify a different type  @typescript-eslint/no-explicit-any
  57:52  error  Unexpected any. Specify a different type  @typescript-eslint/no-explicit-any
  99:67  error  Unexpected any. Specify a different type  @typescript-eslint/no-explicit-any

/workspace/shadcn-ui/src/components/EventModal.tsx
  113:25  error  Unexpected any. Specify a different type  @typescript-eslint/no-explicit-any
  258:94  error  Unexpected any. Specify a different type  @typescript-eslint/no-explicit-any
  272:92  error  Unexpected any. Specify a different type  @typescript-eslint/no-explicit-any

/workspace/shadcn-ui/src/components/FieldMappingDebug.tsx
   25:50  error  Unexpected any. Specify a different type  @typescript-eslint/no-explicit-any
  223:61  error  Unexpected any. Specify a different type  @typescript-eslint/no-explicit-any
  275:66  error  Unexpected any. Specify a different type  @typescript-eslint/no-explicit-any

/workspace/shadcn-ui/src/components/upload/BulkListingUpload.tsx
   41:9   error  Unexpected any. Specify a different type  @typescript-eslint/no-explicit-any
   69:50  error  Unexpected any. Specify a different type  @typescript-eslint/no-explicit-any
  112:46  error  Unexpected any. Specify a different type  @typescript-eslint/no-explicit-any
  119:25  error  Unexpected any. Specify a different type  @typescript-eslint/no-explicit-any
  130:45  error  Unexpected any. Specify a different type  @typescript-eslint/no-explicit-any
  152:30  error  Unexpected any. Specify a different type  @typescript-eslint/no-explicit-any
  183:38  error  Unexpected any. Specify a different type  @typescript-eslint/no-explicit-any
  530:71  error  Unexpected any. Specify a different type  @typescript-eslint/no-explicit-any

/workspace/shadcn-ui/src/pages/Pricing.tsx
  92:52  error  Unexpected any. Specify a different type  @typescript-eslint/no-explicit-any

/workspace/shadcn-ui/src/pages/Properties.tsx
  104:60  error  Unexpected any. Specify a different type  @typescript-eslint/no-explicit-any
  122:40  error  Unexpected any. Specify a different type  @typescript-eslint/no-explicit-any

/workspace/shadcn-ui/src/pages/broker/BrokerClients.tsx
   44:54  error  Unexpected any. Specify a different type  @typescript-eslint/no-explicit-any
  217:45  error  Unexpected any. Specify a different type  @typescript-eslint/no-explicit-any

/workspace/shadcn-ui/src/pages/broker/BrokerListings.tsx
   41:56  error  Unexpected any. Specify a different type  @typescript-eslint/no-explicit-any
  205:48  error  Unexpected any. Specify a different type  @typescript-eslint/no-explicit-any

/workspace/shadcn-ui/src/pages/broker/BrokerOffers.tsx
   51:54  error  Unexpected any. Specify a different type  @typescript-eslint/no-explicit-any
  203:42  error  Unexpected any. Specify a different type  @typescript-eslint/no-explicit-any

/workspace/shadcn-ui/src/pages/broker/Calendar.tsx
  356:78  error  Unexpected any. Specify a different type  @typescript-eslint/no-explicit-any
  467:74  error  Unexpected any. Specify a different type  @typescript-eslint/no-explicit-any

/workspace/shadcn-ui/src/pages/broker/Dashboard.tsx
  57:52  error  Unexpected any. Specify a different type  @typescript-eslint/no-explicit-any

/workspace/shadcn-ui/src/pages/broker/DraftListings.tsx
  195:52  error  Unexpected any. Specify a different type  @typescript-eslint/no-explicit-any
  201:67  error  Unexpected any. Specify a different type  @typescript-eslint/no-explicit-any

/workspace/shadcn-ui/src/pages/broker/Properties.tsx
  91:52  error  Unexpected any. Specify a different type  @typescript-eslint/no-explicit-any

/workspace/shadcn-ui/src/pages/customer/CustomerOffers.tsx
  121:42  error  Unexpected any. Specify a different type  @typescript-eslint/no-explicit-any

/workspace/shadcn-ui/src/pages/customer/CustomerSearch.tsx
  98:65  error  Unexpected any. Specify a different type  @typescript-eslint/no-explicit-any

✖ 36 problems (36 errors, 0 warnings)

 ELIFECYCLE  Command failed with exit code 1.
$ cd shadcn-ui && pnpm run lint


> shadcnui@ lint /workspace/shadcn-ui
> eslint --quiet ./src


/workspace/shadcn-ui/src/components/Calendar.tsx
  223:56  error  Unexpected any. Specify a different type  @typescript-eslint/no-explicit-any

/workspace/shadcn-ui/src/components/DraftListings.tsx
  36:32  error  Unexpected any. Specify a different type  @typescript-eslint/no-explicit-any
  37:30  error  Unexpected any. Specify a different type  @typescript-eslint/no-explicit-any
  57:52  error  Unexpected any. Specify a different type  @typescript-eslint/no-explicit-any
  99:67  error  Unexpected any. Specify a different type  @typescript-eslint/no-explicit-any

/workspace/shadcn-ui/src/components/EventModal.tsx
  113:25  error  Unexpected any. Specify a different type  @typescript-eslint/no-explicit-any
  258:94  error  Unexpected any. Specify a different type  @typescript-eslint/no-explicit-any
  272:92  error  Unexpected any. Specify a different type  @typescript-eslint/no-explicit-any

/workspace/shadcn-ui/src/components/FieldMappingDebug.tsx
   25:50  error  Unexpected any. Specify a different type  @typescript-eslint/no-explicit-any
  223:61  error  Unexpected any. Specify a different type  @typescript-eslint/no-explicit-any
  275:66  error  Unexpected any. Specify a different type  @typescript-eslint/no-explicit-any

/workspace/shadcn-ui/src/components/upload/BulkListingUpload.tsx
   41:9   error  Unexpected any. Specify a different type  @typescript-eslint/no-explicit-any
   69:50  error  Unexpected any. Specify a different type  @typescript-eslint/no-explicit-any
  112:46  error  Unexpected any. Specify a different type  @typescript-eslint/no-explicit-any
  119:25  error  Unexpected any. Specify a different type  @typescript-eslint/no-explicit-any
  130:45  error  Unexpected any. Specify a different type  @typescript-eslint/no-explicit-any
  152:30  error  Unexpected any. Specify a different type  @typescript-eslint/no-explicit-any
  183:38  error  Unexpected any. Specify a different type  @typescript-eslint/no-explicit-any
  530:71  error  Unexpected any. Specify a different type  @typescript-eslint/no-explicit-any

/workspace/shadcn-ui/src/pages/Pricing.tsx
  92:52  error  Unexpected any. Specify a different type  @typescript-eslint/no-explicit-any

/workspace/shadcn-ui/src/pages/Properties.tsx
  104:60  error  Unexpected any. Specify a different type  @typescript-eslint/no-explicit-any
  122:40  error  Unexpected any. Specify a different type  @typescript-eslint/no-explicit-any

/workspace/shadcn-ui/src/pages/broker/BrokerClients.tsx
   44:54  error  Unexpected any. Specify a different type  @typescript-eslint/no-explicit-any
  217:45  error  Unexpected any. Specify a different type  @typescript-eslint/no-explicit-any

/workspace/shadcn-ui/src/pages/broker/BrokerListings.tsx
   41:56  error  Unexpected any. Specify a different type  @typescript-eslint/no-explicit-any
  205:48  error  Unexpected any. Specify a different type  @typescript-eslint/no-explicit-any

/workspace/shadcn-ui/src/pages/broker/BrokerOffers.tsx
   51:54  error  Unexpected any. Specify a different type  @typescript-eslint/no-explicit-any
  203:42  error  Unexpected any. Specify a different type  @typescript-eslint/no-explicit-any

/workspace/shadcn-ui/src/pages/broker/Calendar.tsx
  356:78  error  Unexpected any. Specify a different type  @typescript-eslint/no-explicit-any
  467:74  error  Unexpected any. Specify a different type  @typescript-eslint/no-explicit-any

/workspace/shadcn-ui/src/pages/broker/Dashboard.tsx
  57:52  error  Unexpected any. Specify a different type  @typescript-eslint/no-explicit-any

/workspace/shadcn-ui/src/pages/broker/DraftListings.tsx
  195:52  error  Unexpected any. Specify a different type  @typescript-eslint/no-explicit-any
  201:67  error  Unexpected any. Specify a different type  @typescript-eslint/no-explicit-any

/workspace/shadcn-ui/src/pages/broker/Properties.tsx
  91:52  error  Unexpected any. Specify a different type  @typescript-eslint/no-explicit-any

/workspace/shadcn-ui/src/pages/customer/CustomerOffers.tsx
  121:42  error  Unexpected any. Specify a different type  @typescript-eslint/no-explicit-any

/workspace/shadcn-ui/src/pages/customer/CustomerSearch.tsx
  98:65  error  Unexpected any. Specify a different type  @typescript-eslint/no-explicit-any

✖ 36 problems (36 errors, 0 warnings)

 ELIFECYCLE  Command failed with exit code 1.
$ cd /workspace/shadcn-ui && pnpm run build


> shadcnui@ build /workspace/shadcn-ui
> vite build

vite v5.4.20 building for production...
transforming...
✓ 2529 modules transformed.
rendering chunks...
computing gzip size...
dist/index.html                     0.99 kB │ gzip:   0.49 kB
dist/assets/index-BeaMdFte.css     78.95 kB │ gzip:  13.20 kB
dist/assets/index-CNN5Um5q.js   1,242.67 kB │ gzip: 371.10 kB

(!) Some chunks are larger than 500 kB after minification. Consider:
- Using dynamic import() to code-split the application
- Use build.rollupOptions.output.manualChunks to improve chunking: https://rollupjs.org/configuration-options/#output-manualchunks
- Adjust chunk size limit for this warning via build.chunkSizeWarningLimit.
✓ built in 7.71s
